2
5
2 5
50 39
- - - - - - - - - - - - - - - - - - - - - - - - - - - - - - - - - - - 0 0 0 0 0 0 i - - - i 0 0 0 - 
- - - - - - - - - - - - - - - - - - - - - - - - - - - - - - - - - - - 0 0 0 0 0 0 0 - - - 0 0 0 0 - 
- - - - - - - - - - - - - - - - - - - - - - - - - - - - - - - - - - 0 0 0 0 0 0 0 0 - - - 0 0 0 0 - 
- - - - - - - - - - - - - - - - - - - - - - - - - - - - - - - - - - 0 0 0 0 0 0 0 0 0 0 0 0 0 0 0 - 
- - - - - - - - - - - - - - - - - - - - - 0 0 0 0 0 0 0 0 0 - - - - 0 0 0 0 0 0 0 0 0 0 0 0 0 0 0 - 
- - - - - - - - - - - - - - - - - - - - - 0 0 0 0 0 0 0 0 0 0 - - - x x x - 0 0 0 0 0 0 0 0 0 0 0 - 
- - - - - - - - - - - - - - - - 0 0 0 0 - 0 0 0 2 1 0 0 0 0 0 - - - 0 0 0 - 0 0 0 0 0 0 0 0 0 0 0 - 
- - - - - - - - - - - - - - - - 0 0 0 i - 0 0 0 1 2 0 0 0 0 0 - - - 0 0 0 - 0 0 0 0 0 0 0 0 0 0 0 - 
- - - - - - - - - - - - - - - - 0 0 - 0 - 0 0 0 0 0 0 0 0 0 - - - - 0 0 0 - 0 0 0 0 0 0 0 x 0 0 0 - 
0 0 0 - 0 0 0 0 0 0 0 0 0 0 0 - 0 0 - 0 - 0 0 0 0 0 0 0 0 0 - - - - 0 0 0 - - - - - - - - x x x x - 
0 i 0 0 0 0 0 0 0 0 0 0 0 i 0 - 0 0 - x - 0 0 0 - - - - x x - - - - 0 0 0 - - - - - - - - 0 0 c 0 - 
0 0 0 - 0 - - - - - - - - 0 0 - 0 0 - x - 0 0 0 - - - - 0 0 - - - - 0 0 0 - - - - - - - - x x x x - 
0 0 0 - 0 - - - - c - - - 0 0 0 0 0 - 0 0 0 0 0 - - - - 0 0 - - - - 0 0 0 - - - - 0 0 0 0 x 0 0 - - 
0 0 0 - 0 - - - - x - - - 0 0 0 0 0 - 0 0 0 0 0 - - - - x x - - - - 0 0 0 - - - - 0 i 0 0 0 0 0 - - 
0 0 0 - - 0 - - - x - - - 0 0 0 - - - 0 0 0 0 0 - - i 0 0 0 - - - - x x x - - - - 0 0 0 0 0 0 0 - - 
0 0 0 - - - 0 0 0 0 0 0 0 0 0 0 - - - 0 0 0 0 0 - - 0 0 0 0 0 0 0 x 0 x 0 - - - - 0 0 0 0 0 0 0 - - 
0 0 0 - - - - - - 0 0 0 0 0 0 0 0 0 0 0 0 0 0 0 - - 0 0 0 0 0 0 0 x x c x - - - - 0 0 0 0 0 0 0 0 0 
x 0 x 0 x 0 x 0 x 0 0 0 0 0 0 0 0 0 0 0 0 0 0 0 - - 0 0 0 0 0 0 0 x 0 x 0 - - - - 0 0 0 0 0 0 0 0 0 
0 x b x 0 x 0 x 0 0 0 0 0 0 0 0 0 0 0 0 0 0 0 - - - 0 0 0 i - - - - x x x - - - - 0 0 0 0 - 0 0 0 0 
x 0 x 0 x 0 x 0 x - - - - - - - - - - 0 0 0 0 - - - 0 0 - - - - - - 0 0 0 - - - - 0 0 0 0 - 0 0 0 0 
0 x b x 0 x 0 x 0 0 x x c 0 0 0 0 - - 0 0 0 0 0 0 0 0 0 - - - - - - 0 0 0 x 0 0 0 0 0 0 0 - 0 0 0 0 
x 0 x 0 x 0 x 0 x 0 0 0 i 0 0 0 0 - - 0 0 0 0 0 0 0 0 0 - - - - - - 0 0 0 x 0 0 0 0 0 0 0 - 0 0 0 0 
- - - - - - - - - - - - - - - - - - - - 0 0 - - - - x x - - - - - - 0 0 0 x 0 0 0 0 0 0 0 - 0 0 - - 
- - - - - - - - - - - - - - - - - - - 0 0 0 0 0 - - 0 0 - - - - - - - - - - - - - 0 0 0 0 - 0 0 - - 
- - - - - - - - - - - - - - - - - - - 0 0 0 0 - - - 0 0 - - - - - - - - - - - - - x x - - - x x - - 
- - - - - - - - - - - - - - - - - - - 0 0 0 0 - - - 0 0 - - - - - - - - - - - - - 0 x - x 0 x 0 x 0 
- - - - - - - - - - - - - - - - - - - 0 0 0 0 0 - - x x - - - - - - - - - - - - - x 0 x 0 x 0 x 0 x 
- - - - - - - - - - - - - - - - - - - x 0 x 0 x 0 x 0 x 0 - - - - - - - - - - - - 0 x 0 x 0 x 0 x 0 
- - - - - - - - - - - - - - - - - - - 0 x 0 x 0 x 0 x 0 0 - - - - - - - - - - - - x 0 x b x 0 x 0 x 
- - - - - - - - - - - - - - - - - - - x 0 x 0 x 0 x 0 x 0 - - - - - - - - - - - - 0 x b x b x 0 x 0 
- - - - - - - - - - - - - - - - - - - 0 x 0 x 0 x 0 x 0 0 - - - - - - - - - - - - x 0 0 b x 0 x 0 x 
- - - - - - - - - - - - - - - - - - - x 0 x 0 x 0 x 0 x - - - - - - - - - - - - - 0 x 0 x 0 x 0 x 0 
- - - - - - - - - - - - - - - - - - - b x 0 x b x 0 x 0 - - - - - - - - - - - - - - - - - - - - - - 
- - - - - - - - - - - - - - - - - - - x 0 x 0 x 0 x 0 x - - - - - - - - - - - - - - - - - - - - - - 
- - - - - - - - - - - - - - - - - - - 0 x 0 x 0 x 0 x 0 - - - - - - - - - - - - - - - - - - - - - - 
- - - - - - - - - - - - - - - - - - 0 x 0 x 0 x 0 x 0 x - - - - - - - - - - - - - - - - - - - - - - 
- - - - - - - - - - - - - - - - - - x 0 x b x 0 x 0 x 0 - - - - - - - - - - - - - - - - - - - - - - 
- - - - - - - - - - - - - - - - - - b x 0 x 0 x c x 0 x - - - - - - - - - - - - - - - - - - - - - - 
- - - - - - - - - - - - - - - - - - x 0 x 0 x 0 x 0 x 0 - - - - - - - - - - - - - - - - - - - - - - 
39 15 6 <-> 31 15 2
39 16 6 <-> 31 16 2
39 17 6 <-> 31 17 2
